============================= test session starts =============================
platform win32 -- Python 3.12.6, pytest-9.0.3, pluggy-1.6.0 -- C:\Python312\python.exe
cachedir: .pytest_cache
rootdir: C:\Users\jacks\Documents\dev\pixsage
configfile: pyproject.toml
testpaths: tests
plugins: anyio-4.10.0, cov-7.1.0, typeguard-4.3.0
collecting ... collected 122 items

tests/test_catalog.py::test_catalog_init_creates_schema <- ..\..\..\dev\pixsage\tests\test_catalog.py PASSED [  0%]
tests/test_catalog.py::test_upsert_photo_inserts_row <- ..\..\..\dev\pixsage\tests\test_catalog.py PASSED [  1%]
tests/test_catalog.py::test_upsert_photo_updates_last_seen <- ..\..\..\dev\pixsage\tests\test_catalog.py PASSED [  2%]
tests/test_catalog.py::test_mark_tagged_records_versions <- ..\..\..\dev\pixsage\tests\test_catalog.py PASSED [  3%]
tests/test_catalog.py::test_needs_tagging_logic <- ..\..\..\dev\pixsage\tests\test_catalog.py PASSED [  4%]
tests/test_catalog.py::test_record_tags_inserts_rows <- ..\..\..\dev\pixsage\tests\test_catalog.py PASSED [  4%]
tests/test_catalog.py::test_record_tags_idempotent <- ..\..\..\dev\pixsage\tests\test_catalog.py PASSED [  5%]
tests/test_catalog.py::test_user_rejected_flagging <- ..\..\..\dev\pixsage\tests\test_catalog.py PASSED [  6%]
tests/test_catalog.py::test_user_rejected_persists_across_record <- ..\..\..\dev\pixsage\tests\test_catalog.py PASSED [  7%]
tests/test_catalog.py::test_delete_tags_clears_all_tag_state <- ..\..\..\dev\pixsage\tests\test_catalog.py PASSED [  8%]
tests/test_catalog.py::test_runs_table_records_run <- ..\..\..\dev\pixsage\tests\test_catalog.py PASSED [  9%]
tests/test_catalog_caption.py::test_caption_columns_exist PASSED         [  9%]
tests/test_catalog_caption.py::test_record_caption_sets_text_and_timestamp PASSED [ 10%]
tests/test_catalog_caption.py::test_record_caption_updates_timestamp_on_change PASSED [ 11%]
tests/test_catalog_caption.py::test_record_caption_none_clears_caption PASSED [ 12%]
tests/test_catalog_caption.py::test_record_caption_nonexistent_sha_is_silent PASSED [ 13%]
tests/test_catalog_caption.py::test_iter_photos_for_embedding_returns_all PASSED [ 13%]
tests/test_catalog_caption.py::test_iter_photos_for_embedding_skips_errored PASSED [ 14%]
tests/test_cli.py::test_tag_writes_xmp_and_catalog SKIPPED (exiftool not
on PATH)                                                                 [ 15%]
tests/test_cli.py::test_tag_skip_already_tagged SKIPPED (exiftool not on
PATH)                                                                    [ 16%]
tests/test_cli.py::test_force_retag SKIPPED (exiftool not on PATH)       [ 17%]
tests/test_cli.py::test_user_rejection_persists SKIPPED (exiftool not on
PATH)                                                                    [ 18%]
tests/test_cli.py::test_rewrite_strips_prior_auto_tags_keeps_user_keywords SKIPPED [ 18%]
tests/test_cli.py::test_normalize_exts PASSED                            [ 19%]
tests/test_cli.py::test_apply_extension_filter_skip PASSED               [ 20%]
tests/test_cli.py::test_apply_extension_filter_only PASSED               [ 21%]
tests/test_cli.py::test_apply_extension_filter_passthrough PASSED        [ 22%]
tests/test_cli.py::test_only_extensions_processes_only_matching SKIPPED  [ 22%]
tests/test_cli.py::test_skip_and_only_extensions_mutually_exclusive PASSED [ 23%]
tests/test_cli.py::test_sample_n SKIPPED (exiftool not on PATH)          [ 24%]
tests/test_cli.py::test_oom_retry_falls_back_to_smaller_size SKIPPED     [ 25%]
tests/test_cli.py::test_tag_records_caption_in_catalog SKIPPED (exiftool
not on PATH)                                                             [ 26%]
tests/test_cli.py::test_cleanup_thumbs_removes_thumb_dir PASSED          [ 27%]
tests/test_cli.py::test_cleanup_vectors_removes_vectors_dir PASSED       [ 27%]
tests/test_cli_embed.py::test_embed_runs_with_mock_embedder PASSED       [ 28%]
tests/test_cli_embed.py::test_embed_force_reembeds PASSED                [ 29%]
tests/test_cli_embed.py::test_embed_help_lists_embedder_choices PASSED   [ 30%]
tests/test_cli_serve.py::test_serve_help_lists_options PASSED            [ 31%]
tests/test_cli_serve.py::test_serve_errors_when_no_catalog PASSED        [ 31%]
tests/test_config.py::test_load_config_minimal PASSED                    [ 32%]
tests/test_config.py::test_load_config_with_hierarchy_overrides PASSED   [ 33%]
tests/test_config.py::test_load_config_invalid_threshold_raises PASSED   [ 34%]
tests/test_config.py::test_ensure_default_config_creates_file PASSED     [ 35%]
tests/test_config.py::test_ensure_default_config_does_not_overwrite PASSED [ 36%]
tests/test_config_phase3.py::test_default_toml_includes_embeddings_block PASSED [ 36%]
tests/test_config_phase3.py::test_loaded_config_has_embeddings_defaults PASSED [ 37%]
tests/test_config_phase3.py::test_search_config_defaults PASSED          [ 38%]
tests/test_device.py::test_select_device_prefers_cuda PASSED             [ 39%]
tests/test_device.py::test_select_device_falls_back_to_mps PASSED        [ 40%]
tests/test_device.py::test_select_device_falls_back_to_cpu PASSED        [ 40%]
tests/test_embed_runner.py::test_runner_embeds_image_and_caption PASSED  [ 41%]
tests/test_embed_runner.py::test_runner_skips_caption_when_absent PASSED [ 42%]
tests/test_embed_runner.py::test_runner_skips_already_embedded PASSED    [ 43%]
tests/test_embed_runner.py::test_runner_reembeds_on_caption_staleness PASSED [ 44%]
tests/test_embed_runner.py::test_runner_force_reembeds_everything PASSED [ 45%]
tests/test_embed_runner.py::test_runner_marks_decode_errors PASSED       [ 45%]
tests/test_embed_runner.py::test_runner_backfills_caption_from_xmp PASSED [ 46%]
tests/test_embedders_mock.py::test_image_embedding_shape_and_dtype PASSED [ 47%]
tests/test_embedders_mock.py::test_text_embedding_shape_and_dtype PASSED [ 48%]
tests/test_embedders_mock.py::test_l2_normalized_output PASSED           [ 49%]
tests/test_embedders_mock.py::test_deterministic_for_same_input PASSED   [ 50%]
tests/test_embedders_mock.py::test_different_text_different_vector PASSED [ 50%]
tests/test_embedders_mock.py::test_batched_embedding_matches_single_calls PASSED [ 51%]
tests/test_embedders_siglip2.py::test_image_and_text_embeddings_share_space SKIPPED [ 52%]
tests/test_embedders_siglip2.py::test_text_text_similarity_makes_sense SKIPPED [ 53%]
tests/test_images.py::test_load_jpeg_returns_rgb PASSED                  [ 54%]
tests/test_images.py::test_load_image_resizes_long_edge PASSED           [ 54%]
tests/test_images.py::test_load_image_preserves_aspect_ratio PASSED      [ 55%]
tests/test_images.py::test_load_image_does_not_upscale PASSED            [ 56%]
tests/test_images.py::test_load_image_unknown_extension_raises PASSED    [ 57%]
tests/test_images.py::test_load_raw_returns_rgb SKIPPED (raw fixture not
present)                                                                 [ 58%]
tests/test_search.py::test_search_returns_top_k_by_image_when_weight_is_one PASSED [ 59%]
tests/test_search.py::test_search_returns_top_k_by_caption_when_weight_is_zero PASSED [ 59%]
tests/test_search.py::test_search_handles_missing_caption_channel PASSED [ 60%]
tests/test_search.py::test_search_by_image_uses_pure_visual_cosine PASSED [ 61%]
tests/test_search.py::test_search_empty_store_returns_empty PASSED       [ 62%]
tests/test_search.py::test_search_respects_top_k PASSED                  [ 63%]
tests/test_taggers_mock.py::test_mock_tagger_returns_configured_tags PASSED [ 63%]
tests/test_taggers_mock.py::test_mock_tagger_no_caption PASSED           [ 64%]
tests/test_vectors.py::test_append_and_load_round_trip PASSED            [ 65%]
tests/test_vectors.py::test_append_replaces_existing_sha PASSED          [ 66%]
tests/test_vectors.py::test_missing_for_returns_unembedded_shas PASSED   [ 67%]
tests/test_vectors.py::test_load_empty_kind_returns_empty PASSED         [ 68%]
tests/test_vectors.py::test_get_one_returns_vector PASSED                [ 68%]
tests/test_vectors.py::test_get_one_missing_returns_none PASSED          [ 69%]
tests/test_vectors.py::test_created_at_recorded PASSED                   [ 70%]
tests/test_vectors.py::test_append_rejects_non_float32 PASSED            [ 71%]
tests/test_vectors.py::test_append_rejects_non_1d PASSED                 [ 72%]
tests/test_vocabulary.py::test_filter_drops_below_threshold PASSED       [ 72%]
tests/test_vocabulary.py::test_filter_drops_excluded_case_insensitive PASSED [ 73%]
tests/test_vocabulary.py::test_filter_disables_tagger PASSED             [ 74%]
tests/test_vocabulary.py::test_filter_applies_hierarchy_override PASSED  [ 75%]
tests/test_vocabulary.py::test_filter_preserves_existing_hierarchy_when_no_override PASSED [ 76%]
tests/test_walker.py::test_sha256_file_known_input PASSED                [ 77%]
tests/test_walker.py::test_walk_photos_finds_images PASSED               [ 77%]
tests/test_walker.py::test_walk_photos_skips_photoindex_dir PASSED       [ 78%]
tests/test_walker.py::test_image_extensions_includes_common_raws_and_jpegs PASSED [ 79%]
tests/test_walker.py::test_sample_paths_deterministic PASSED             [ 80%]
tests/test_walker.py::test_sample_paths_caps_at_total PASSED             [ 81%]
tests/test_web_app.py::test_index_returns_search_page PASSED             [ 81%]
tests/test_web_app.py::test_static_assets_served PASSED                  [ 82%]
tests/test_web_search.py::test_search_returns_results_html PASSED        [ 83%]
tests/test_web_search.py::test_search_empty_query_returns_empty_results PASSED [ 84%]
tests/test_web_search.py::test_thumb_route_returns_jpeg PASSED           [ 85%]
tests/test_web_search.py::test_thumb_route_404_for_missing_sha PASSED    [ 86%]
tests/test_web_search.py::test_photo_detail_renders_caption_and_filename PASSED [ 86%]
tests/test_web_search.py::test_photo_detail_404 PASSED                   [ 87%]
tests/test_web_search.py::test_similar_returns_results_partial_excluding_self PASSED [ 88%]
tests/test_web_search.py::test_similar_404_when_photo_missing PASSED     [ 89%]
tests/test_web_thumbs.py::test_get_or_create_returns_path_and_writes_file PASSED [ 90%]
tests/test_web_thumbs.py::test_second_call_uses_cache PASSED             [ 90%]
tests/test_web_thumbs.py::test_different_sizes_create_different_files PASSED [ 91%]
tests/test_web_thumbs.py::test_path_uses_sha_prefix_for_dir_sharding PASSED [ 92%]
tests/test_xmp.py::test_merge_adds_new_auto_tags PASSED                  [ 93%]
tests/test_xmp.py::test_merge_preserves_user_keywords PASSED             [ 94%]
tests/test_xmp.py::test_merge_skips_user_rejected_tags PASSED            [ 95%]
tests/test_xmp.py::test_merge_does_not_overwrite_existing_description PASSED [ 95%]
tests/test_xmp.py::test_merge_overwrites_when_configured PASSED          [ 96%]
tests/test_xmp.py::test_merge_does_not_emit_source_markers PASSED        [ 97%]
tests/test_xmp.py::test_write_and_read_jpeg SKIPPED (exiftool not on
PATH)                                                                    [ 98%]
tests/test_xmp.py::test_write_raw_uses_sidecar SKIPPED (exiftool not on
PATH)                                                                    [ 99%]
tests/test_xmp.py::test_read_xmp_returns_empty_when_no_sidecar SKIPPED   [100%]

======================= 107 passed, 15 skipped in 5.15s =======================
